// Jest Snapshot v1, https://goo.gl/fbAQLP

exports[`app match with snapshot 1`] = `
<v-app>
  <v-fade-transition
    mode="out-in"
  >
    <router-view />
  </v-fade-transition>
</v-app>
`;
