// Jest Snapshot v1, https://goo.gl/fbAQLP

exports[`home match with the snapshot 1`] = `
<h1>
  teste
</h1>
`;
